// Vitest Snapshot v1, https://vitest.dev/guide/snapshot.html

exports[`comment count 1`] = `"<div class=\\"badge badge-compteur\\"></div>"`;
