// Vitest Snapshot v1, https://vitest.dev/guide/snapshot.html

exports[`thread 1`] = `
"<div class=\\"comment-thread panel panel-default\\">
  <div class=\\"panel-heading clearfix\\">thread.title <button class=\\"btn btn-default btn-sm pull-right\\">thread.sort <i class=\\"fas fa-sort-down\\"></i></button></div>
  <div class=\\"panel-body clearfix\\">
    <div class=\\"comment-authoring\\"><strong>John Doe</strong> entry.authored_date</div>
    <div class=\\"pull-right comment-actions\\"><button class=\\"btn btn-sm btn-default\\" title=\\"entry.edit_comment\\"><i class=\\"fas fa-pencil\\"></i></button><button class=\\"btn btn-sm btn-danger\\" title=\\"entry.delete_comment\\"><i class=\\"fas fa-trash-alt\\"></i></button></div>
    <div class=\\"comment-content\\">
      <!-- eslint-disable vue/no-v-html -->
      <p>Lorem ipsum dolor amet</p>
    </div>
  </div>
  <div class=\\"panel-body clearfix\\">
    <div class=\\"comment-authoring\\"><strong>John Doe</strong> entry.authored_date</div>
    <div class=\\"pull-right comment-actions\\">
      <!--v-if-->
      <!--v-if-->
    </div>
    <div class=\\"comment-content\\">
      <!-- eslint-disable vue/no-v-html -->
      <p>Consetetur sadipscing elitr, sed diam nonumy eirmod</p>
    </div>
  </div>
  <div class=\\"panel-body clearfix\\">
    <div class=\\"comment-authoring\\"><strong>Bob Smith</strong> entry.authored_date</div>
    <div class=\\"pull-right comment-actions\\"><button class=\\"btn btn-sm btn-default\\" title=\\"entry.edit_comment\\"><i class=\\"fas fa-pencil\\"></i></button><button class=\\"btn btn-sm btn-danger\\" title=\\"entry.delete_comment\\"><i class=\\"fas fa-trash-alt\\"></i></button></div>
    <div class=\\"comment-content\\">
      <!-- eslint-disable vue/no-v-html -->
      <p>Et dolore magna aliquyam erat, sed diam voluptua.</p>
    </div>
  </div>
  <div class=\\"panel-body\\">
    <!--v-if-->
    <!--v-if--><button class=\\"btn btn-sm btn-primary pull-right\\"><i class=\\"fas fa-plus\\"></i> thread.add_comment</button>
  </div>
</div>"
`;
