// Vitest Snapshot v1, https://vitest.dev/guide/snapshot.html

exports[`mount app 1`] = `
"<div id=\\"app\\" class=\\"comment-viewer\\" data-url=\\"/api\\" data-v-app=\\"\\"><div class=\\"comment-thread panel panel-default\\"><div class=\\"panel-heading clearfix\\">Comments <button class=\\"btn btn-default btn-sm pull-right\\">sort <i class=\\"fas fa-sort-down\\"></i></button></div><!--v-if--></div></div>
    <input name=\\"csrfmiddlewaretoken\\">"
`;

exports[`mount app on invalid element 1`] = `
"<div id=\\"app\\" class=\\"comment-viewer\\" data-url=\\"/api\\" data-v-app=\\"\\"><div class=\\"comment-thread panel panel-default\\"><div class=\\"panel-heading clearfix\\">Comments <button class=\\"btn btn-default btn-sm pull-right\\">sort <i class=\\"fas fa-sort-down\\"></i></button></div><!--v-if--></div></div>
    <input name=\\"csrfmiddlewaretoken\\">"
`;
